{
  "finite_element_order": 2,
  "solver": "Palace v0.14.0",
  "frequency_hz": 400000000.0,
  "config_file": "palace-order2.json",
  "postprocessing_folder": "postpro-order2",
  "input_voltage_V": {
    "real": 1.0,
    "imag": 0.0,
    "magnitude": 1.0,
    "phase_deg": 0.0
  },
  "input_current_A": {
    "real": 0.016622330520022988,
    "imag": -0.0014036163514266754,
    "magnitude": 0.016681487067371423,
    "phase_deg": -4.826697530490788
  },
  "load_voltage_V": {
    "real": 0.8269659771890246,
    "imag": -0.12302751537656934,
    "magnitude": 0.8360672801682473,
    "phase_deg": -8.461815722703514
  },
  "load_current_A": {
    "real": 0.01653931954378051,
    "imag": -0.0024605503075308685,
    "magnitude": 0.016721345603364884,
    "phase_deg": -8.461815722701749
  },
  "input_impedance_ohm": {
    "real": 59.73410862809121,
    "imag": 5.0440443057782565,
    "magnitude": 59.946693958476594,
    "phase_deg": 4.826697530490788
  },
  "source_reference_ohm": 50,
  "load_ohm": 50,
  "port_csv_normalization_factor": {
    "real": 0.12947949126780695,
    "imag": -0.004962533201390701,
    "magnitude": 0.12957455535229515,
    "phase_deg": -2.1948889769764546
  },
  "field_normalization_factor": {
    "real": -0.12947949126780695,
    "imag": 0.004962533201390701,
    "magnitude": 0.12957455535229515,
    "phase_deg": 177.80511102302353
  },
  "native_port_voltage_axis": "GND minus signal",
  "displayed_input_voltage_axis": "signal minus GND",
  "surface_current_units": "A/m",
  "surface_current_SI_scale": 51.5210513090037,
  "phasor_convention": "exp(+j omega t), terminal phasor magnitude 1 V; Palace documentation describes peak phasors",
  "s11_db": -20.01712605194,
  "s21_db": -0.7952700376666,
  "board_snapshot_sha256": "80ef96cf94a1dac4f3d062f694fe71529a9a57f5a1dd6e8b1abdf92302968b13",
  "board_url": "https://tscircuit.com/astra/am3352-sbc#pcb",
  "return_pad_selection": "Nearest U1 GND pad that admits an unobstructed straight port aperture; selected pad is an assumed driver return contact, not a package model",
  "scope": "Isolated DDR_D8 U1 processor pad / escape, other signal/power copper omitted",
  "fixture": "400 MHz, 1 V normalized; 50 ohm test ports. Input across actual U1 signal and selected actual U1 GND pads; trace-cut load to adjacent GND plane (inner1 for top, inner2 for bottom). These are assumed normalized test fixtures, not a package or DDR driver model.",
  "via_spans": "GND top-to-inner1; signal top-to-bottom, as exported. No unexported stubs or GND connections to inner2 inferred. Fabrication spans unknown.",
  "accuracy": "Provisional; local-density, crop and port-fixture convergence not established",
  "display_ground_faces_mm": {
    "top": 1.635,
    "inner1": 1.4175,
    "inner2": 0.1825,
    "bottom": -0.035
  }
}
Ground face triangles: {'top': 2832, 'inner1': 40724, 'inner2': 40864, 'bottom': 2384}
