>> /usr/bin/mpirun -n 4 /opt/palace/bin/palace-x86_64.bin palace.json

_____________     _______
_____   __   \____ __   /____ ____________
____   /_/  /  __ ` /  /  __ ` /  ___/  _ \
___   _____/  /_/  /  /  /_/  /  /__/  ___/
  /__/     \___,__/__/\___,__/\_____\_____/

Git changeset ID: v0.14.0
Running with 4 MPI processes, 1 OpenMP thread
Device configuration: omp,cpu
Memory configuration: host-std
libCEED backend: /cpu/self/xsmm/blocked

Added 9935 boundary elements for material interfaces to the mesh
Finished partitioning mesh into 4 subdomains

Characteristic length and time scales:
 L₀ = 1.000e-03 m, t₀ = 3.336e-03 ns

Mesh curvature order: 1
Mesh bounding box:
 (Xmin, Ymin, Zmin) = (-8.000e-03, -1.500e-02, -5.000e-03) m
 (Xmax, Ymax, Zmax) = (+9.000e-03, +3.000e-03, +6.600e-03) m

Parallel Mesh Stats:

                minimum     average     maximum       total
 vertices          8044        8286        8657       33144
 edges            40780       41115       41647      164461
 faces            58419       58537       58674      234149
 elements         25433       25717       25941      102869
 neighbors            3           3           3

            minimum     maximum
 h        0.0110505      3.6593
 kappa      1.03439      647.58

Configuring Robin absorbing BC (order 1) at attributes:
 13

Configuring Robin finite conductivity BC at attributes:
 11: σ = 5.800e+07 S/m, n = (+0.0,-0.0,+1.0)

Configuring Robin impedance BC for lumped ports at attributes:
 21: Rs = 1.378e+00 Ω/sq, n = (+0.0,+0.0,+1.0)
 22: Rs = 2.740e+01 Ω/sq, n = (+0.4,-0.9,-0.0)

Configuring lumped port circuit properties:
 Index = 1: R = 5.000e+01 Ω
 Index = 2: R = 5.000e+01 Ω

Configuring lumped port excitation source term at attributes:
 21: Index = 1

Computing frequency response for:
Excitation with index 1 has contributions from:
 Lumped port  1

Assembling system matrices, number of global unknowns:
 H1 (p = 1): 33144, ND (p = 1): 164461, RT (p = 1): 234149
 Operator assembly level: Partial
 Mesh geometries:
  Tetrahedron: P = 6, Q = 4 (quadrature order = 2)

Assembling multigrid hierarchy:
 Level 0 (p = 1): 164461 unknowns
 Level 0 (auxiliary) (p = 1): 33144 unknowns

It 1/1: ω/2π = 4.000e-01 GHz (total elapsed time = 4.08e-01 s)

  Residual norms for GMRES solve
  0 (restart 0) KSP residual norm 1.237417e+01
  1 (restart 0) KSP residual norm 2.530228e-08
GMRES solver converged in 1 iteration (avg. reduction factor: 2.045e-09)
 Sol. ||E|| = 1.237417e+01 (||RHS|| = 1.236009e-01)
 Field energy E (1.574e-02 J) + H (2.354e-02 J) = 3.929e-02 J
 S[1][1] = +4.382e-02+2.112e-02i, |S[1][1]| = -2.626e+01, arg(S[1][1]) = +2.573e+01
 S[2][1] = +9.522e-01-9.712e-02i, |S[2][1]| = -3.808e-01, arg(S[2][1]) = -5.824e+00

 Wrote fields to disk at step 1
 Updating solution error estimates

Completed 0 iterations of adaptive mesh refinement (AMR):
 Indicator norm = 6.101e-01, global unknowns = 164461
 Max. iterations = 0, tol. = 1.000e-02

Elapsed Time Report (s)           Min.        Max.        Avg.
==============================================================
Initialization                   0.055       0.063       0.059
  Mesh Preprocessing             0.910       0.910       0.910
Operator Construction            0.163       0.172       0.169
Linear Solve                     0.138       0.152       0.148
  Setup                          0.402       0.406       0.404
  Preconditioner                 6.692       6.705       6.695
Estimation                       0.037       0.045       0.041
  Construction                   0.176       0.177       0.176
  Solve                          1.812       1.813       1.813
Postprocessing                   0.060       0.068       0.064
Disk IO                          3.157       3.158       3.158
--------------------------------------------------------------
Total                           13.677      13.683      13.680

