>> /usr/bin/mpirun -n 4 /opt/palace/bin/palace-x86_64.bin palace-order2.json

_____________     _______
_____   __   \____ __   /____ ____________
____   /_/  /  __ ` /  /  __ ` /  ___/  _ \
___   _____/  /_/  /  /  /_/  /  /__/  ___/
  /__/     \___,__/__/\___,__/\_____\_____/

Git changeset ID: v0.14.0
Running with 4 MPI processes, 1 OpenMP thread
Device configuration: omp,cpu
Memory configuration: host-std
libCEED backend: /cpu/self/xsmm/blocked

Added 9726 boundary elements for material interfaces to the mesh
Finished partitioning mesh into 4 subdomains

Characteristic length and time scales:
 L₀ = 1.000e-03 m, t₀ = 3.336e-03 ns

Mesh curvature order: 1
Mesh bounding box:
 (Xmin, Ymin, Zmin) = (-8.000e-03, -1.500e-02, -5.000e-03) m
 (Xmax, Ymax, Zmax) = (+9.000e-03, +3.000e-03, +6.600e-03) m

Parallel Mesh Stats:

                minimum     average     maximum       total
 vertices          8065        8249        8673       32999
 edges            40454       40917       41754      163671
 faces            57900       58254       58588      233018
 elements         25511       25596       25717      102384
 neighbors            3           3           3

            minimum     maximum
 h        0.0235182     3.64486
 kappa      1.03439     111.352

Configuring Robin absorbing BC (order 1) at attributes:
 13

Configuring Robin finite conductivity BC at attributes:
 11: σ = 5.800e+07 S/m, n = (+0.1,+0.0,-1.0)

Configuring Robin impedance BC for lumped ports at attributes:
 21: Rs = 3.520e+00 Ω/sq, n = (+0.0,+0.0,+1.0)
 22: Rs = 2.740e+01 Ω/sq, n = (+0.0,-1.0,+0.0)

Configuring lumped port circuit properties:
 Index = 1: R = 5.000e+01 Ω
 Index = 2: R = 5.000e+01 Ω

Configuring lumped port excitation source term at attributes:
 21: Index = 1

Computing frequency response for:
Excitation with index 1 has contributions from:
 Lumped port  1

Assembling system matrices, number of global unknowns:
 H1 (p = 2): 196670, ND (p = 2): 793378, RT (p = 2): 1006206
 Operator assembly level: Partial
 Mesh geometries:
  Tetrahedron: P = 20, Q = 11 (quadrature order = 4)

Assembling multigrid hierarchy:
 Level 0 (p = 1): 163671 unknowns
 Level 1 (p = 2): 793378 unknowns
 Level 0 (auxiliary) (p = 1): 32999 unknowns
 Level 1 (auxiliary) (p = 2): 196670 unknowns

It 1/1: ω/2π = 4.000e-01 GHz (total elapsed time = 1.07e+01 s)

  Residual norms for GMRES solve
  0 (restart 0) KSP residual norm 7.992844e+01
  1 (restart 0) KSP residual norm 4.353814e+00
  2 (restart 0) KSP residual norm 8.926912e-01
  3 (restart 0) KSP residual norm 2.531339e-01
  4 (restart 0) KSP residual norm 6.882206e-02
  5 (restart 0) KSP residual norm 1.605083e-02
  6 (restart 0) KSP residual norm 3.821100e-03
  7 (restart 0) KSP residual norm 1.825143e-03
  8 (restart 0) KSP residual norm 8.677408e-04
  9 (restart 0) KSP residual norm 3.854392e-04
 10 (restart 0) KSP residual norm 1.277949e-04
 11 (restart 0) KSP residual norm 3.952657e-05
 12 (restart 0) KSP residual norm 2.139781e-05
 13 (restart 0) KSP residual norm 1.368769e-05
 14 (restart 0) KSP residual norm 6.934619e-06
 15 (restart 0) KSP residual norm 3.900900e-06
 16 (restart 0) KSP residual norm 2.721481e-06
 17 (restart 0) KSP residual norm 1.605936e-06
 18 (restart 0) KSP residual norm 1.149096e-06
 19 (restart 0) KSP residual norm 9.114891e-07
 20 (restart 0) KSP residual norm 6.162042e-07
GMRES solver converged in 20 iterations (avg. reduction factor: 3.930e-01)
 Sol. ||E|| = 8.319764e+01 (||RHS|| = 7.736178e-02)
 Field energy E (1.880e-01 J) + H (1.037e-02 J) = 1.984e-01 J
 S[1][1] = +7.526e-01-4.459e-01i, |S[1][1]| = -1.162e+00, arg(S[1][1]) = -3.065e+01
 S[2][1] = +2.619e-01+3.804e-01i, |S[2][1]| = -6.711e+00, arg(S[2][1]) = +5.545e+01

 Wrote fields to disk at step 1
 Updating solution error estimates

Completed 0 iterations of adaptive mesh refinement (AMR):
 Indicator norm = 1.333e-01, global unknowns = 793378
 Max. iterations = 0, tol. = 1.000e-02

Elapsed Time Report (s)           Min.        Max.        Avg.
==============================================================
Initialization                   0.084       0.095       0.091
  Mesh Preprocessing             1.063       1.063       1.063
Operator Construction            0.385       0.394       0.389
Linear Solve                     3.785       3.870       3.819
  Setup                         10.655      10.659      10.657
  Preconditioner                82.925      83.024      82.971
  Coarse Solve                   9.582       9.699       9.619
Estimation                       0.113       0.152       0.132
  Construction                   5.908       5.919       5.916
  Solve                         38.567      38.583      38.574
Postprocessing                   0.125       0.148       0.137
Disk IO                         14.189      14.189      14.189
--------------------------------------------------------------
Total                          167.581     167.589     167.585

