$ bun scripts/circuit-json/simulate-return-current.ts /workspace/work/tsx-return-current-smoke/input.circuit.json --experiment-id "simulation_experiment_0" --frequency-hz "100000000" --copper-model surface_impedance --sample-layer bottom --cell-size "0.05" --mesh-size "1" --order "2" --air-padding "2" --processes "4" --python /workspace/work/em-venv/bin/python --output /workspace/work/tsx-return-current-smoke/run --result-json /workspace/work/tsx-return-current-smoke/result.circuit.json --result-id simulation_pcb_return_current_result_tsx
Meshing /workspace/work/tsx-return-current-smoke/run
Running Palace at 100000000 Hz
Sampling complex conduction current through ground copper
{
  "outputDirectory": "/workspace/work/tsx-return-current-smoke/run",
  "referencePath": "/workspace/work/tsx-return-current-smoke/run/reference.json",
  "svgPath": "/workspace/work/tsx-return-current-smoke/run/palace.svg",
  "pngPath": "/workspace/work/tsx-return-current-smoke/run/palace.png",
  "timing": {
    "startedAt": "2026-10-08T17:03:28.432Z",
    "completedAt": "2026-10-08T17:04:35.183Z",
    "frequencyHz": 100000000,
    "copperModel": "surface_impedance_copper",
    "totalSeconds": 66.751793775,
    "reusedCompletedFemSolve": false,
    "image": {
      "readSeconds": 0.007300145999994129,
      "svgSeconds": 0.05684049900001264,
      "pngSeconds": 0.38532840800000123,
      "imageSize": 1100,
      "provenance": {
        "circuitSha256": "7e4e8c8063eefc165c99dc148a5caaaecdf2450e2363bcf93d1fc0b2660eb3aa",
        "geometrySignature": "[[[\"-4.000000000\",\"-3.000000000\"],[\"4.000000000\",\"-3.000000000\"],[\"4.000000000\",\"3.000000000\"],[\"-4.000000000\",\"3.000000000\"]],[[[[\"4.000000000\",\"-3.000000000\"],[\"-4.000000000\",\"-3.000000000\"],[\"-4.000000000\",\"3.000000000\"],[\"4.000000000\",\"3.000000000\"]],[]]],[[[\"-1.900000000\",\"1.500000000\"],[\"-1.901921472\",\"1.519509032\"],[\"-1.907612047\",\"1.538268343\"],[\"-1.916853039\",\"1.555557023\"],[\"-1.929289322\",\"1.570710678\"],[\"-1.944442977\",\"1.583146961\"],[\"-1.961731657\",\"1.592387953\"],[\"-1.980490968\",\"1.598078528\"],[\"-2.000000000\",\"1.600000000\"],[\"-2.019509032\",\"1.598078528\"],[\"-2.038268343\",\"1.592387953\"],[\"-2.055557023\",\"1.583146961\"],[\"-2.070710678\",\"1.570710678\"],[\"-2.083146961\",\"1.555557023\"],[\"-2.092387953\",\"1.538268343\"],[\"-2.098078528\",\"1.519509032\"],[\"-2.100000000\",\"1.500000000\"],[\"-2.098078528\",\"1.480490968\"],[\"-2.092387953\",\"1.461731657\"],[\"-2.083146961\",\"1.444442977\"],[\"-2.070710678\",\"1.429289322\"],[\"-2.055557023\",\"1.416853039\"],[\"-2.038268343\",\"1.407612047\"],[\"-2.019509032\",\"1.401921472\"],[\"-2.000000000\",\"1.400000000\"],[\"-1.980490968\",\"1.401921472\"],[\"-1.961731657\",\"1.407612047\"],[\"-1.944442977\",\"1.416853039\"],[\"-1.929289322\",\"1.429289322\"],[\"-1.916853039\",\"1.444442977\"],[\"-1.907612047\",\"1.461731657\"],[\"-1.901921472\",\"1.480490968\"]],[[\"2.100000000\",\"1.500000000\"],[\"2.098078528\",\"1.519509032\"],[\"2.092387953\",\"1.538268343\"],[\"2.083146961\",\"1.555557023\"],[\"2.070710678\",\"1.570710678\"],[\"2.055557023\",\"1.583146961\"],[\"2.038268343\",\"1.592387953\"],[\"2.019509032\",\"1.598078528\"],[\"2.000000000\",\"1.600000000\"],[\"1.980490968\",\"1.598078528\"],[\"1.961731657\",\"1.592387953\"],[\"1.944442977\",\"1.583146961\"],[\"1.929289322\",\"1.570710678\"],[\"1.916853039\",\"1.555557023\"],[\"1.907612047\",\"1.538268343\"],[\"1.901921472\",\"1.519509032\"],[\"1.900000000\",\"1.500000000\"],[\"1.901921472\",\"1.480490968\"],[\"1.907612047\",\"1.461731657\"],[\"1.916853039\",\"1.444442977\"],[\"1.929289322\",\"1.429289322\"],[\"1.944442977\",\"1.416853039\"],[\"1.961731657\",\"1.407612047\"],[\"1.980490968\",\"1.401921472\"],[\"2.000000000\",\"1.400000000\"],[\"2.019509032\",\"1.401921472\"],[\"2.038268343\",\"1.407612047\"],[\"2.055557023\",\"1.416853039\"],[\"2.070710678\",\"1.429289322\"],[\"2.083146961\",\"1.444442977\"],[\"2.092387953\",\"1.461731657\"],[\"2.098078528\",\"1.480490968\"]]],[[[\"-2.000000000\",\"0.000000000\",\"0.180000000\",\"top\"],[\"-2.000000000\",\"0.000000000\",\"0.180000000\",\"top\"],[\"2.000000000\",\"0.000000000\",\"0.180000000\",\"top\"],[\"2.000000000\",\"0.000000000\",\"0.180000000\",\"top\"]]],[[\"0.005000000\",[\"2.000000000\",\"1.500000000\"],[\"-2.000000000\",\"1.500000000\"],[\"top\",\"25.000000000\",\"top\",\"100.000000000\"]]]]",
        "modelSha256": "5cbd899b224382092942862ef1921787b0cf734ed71c6daef7e88103b4173018",
        "meshSha256": "3046dc5f78c9c6922cb9f81b39fc485829d3c143ecc5b2b9002fb323960b0619"
      },
      "solverVersion": "v0.14.0",
      "femOrder": 2,
      "sourceCurrents": [
        {
          "real": 0.004999999999999999,
          "imag": 0
        }
      ]
    }
  }
}
Circuit-json simulation result: /workspace/work/tsx-return-current-smoke/result.circuit.json
