>> /usr/bin/mpirun -n 4 /opt/palace/bin/palace-x86_64.bin palace-order2.json

_____________     _______
_____   __   \____ __   /____ ____________
____   /_/  /  __ ` /  /  __ ` /  ___/  _ \
___   _____/  /_/  /  /  /_/  /  /__/  ___/
  /__/     \___,__/__/\___,__/\_____\_____/

Git changeset ID: v0.14.0
Running with 4 MPI processes, 1 OpenMP thread
Device configuration: omp,cpu
Memory configuration: host-std
libCEED backend: /cpu/self/xsmm/blocked

Added 8191 boundary elements for material interfaces to the mesh
Finished partitioning mesh into 4 subdomains

Characteristic length and time scales:
 L₀ = 1.000e-03 m, t₀ = 3.336e-03 ns

Mesh curvature order: 1
Mesh bounding box:
 (Xmin, Ymin, Zmin) = (-8.000e-03, -1.500e-02, -5.000e-03) m
 (Xmax, Ymax, Zmax) = (+9.000e-03, +2.000e-03, +6.600e-03) m

Parallel Mesh Stats:

                minimum     average     maximum       total
 vertices          6864        7237        7483       28950
 edges            34868       35718       36214      142872
 faces            50268       50738       50967      202954
 elements         22240       22266       22307       89064
 neighbors            3           3           3

            minimum     maximum
 h        0.0236265     3.64256
 kappa      1.01033     65.3444

Configuring Robin absorbing BC (order 1) at attributes:
 13

Configuring Robin finite conductivity BC at attributes:
 11: σ = 5.800e+07 S/m, n = (+0.1,+0.1,-1.0)

Configuring Robin impedance BC for lumped ports at attributes:
 21: Rs = 2.740e+01 Ω/sq, n = (-0.7,-0.7,+0.0)
 22: Rs = 2.740e+01 Ω/sq, n = (+0.0,-1.0,+0.0)

Configuring lumped port circuit properties:
 Index = 1: R = 5.000e+01 Ω
 Index = 2: R = 5.000e+01 Ω

Configuring lumped port excitation source term at attributes:
 21: Index = 1

Computing frequency response for:
Excitation with index 1 has contributions from:
 Lumped port  1

Assembling system matrices, number of global unknowns:
 H1 (p = 2): 171822, ND (p = 2): 691652, RT (p = 2): 876054
 Operator assembly level: Partial
 Mesh geometries:
  Tetrahedron: P = 20, Q = 11 (quadrature order = 4)

Assembling multigrid hierarchy:
 Level 0 (p = 1): 142872 unknowns
 Level 1 (p = 2): 691652 unknowns
 Level 0 (auxiliary) (p = 1): 28950 unknowns
 Level 1 (auxiliary) (p = 2): 171822 unknowns

It 1/1: ω/2π = 1.000e+00 GHz (total elapsed time = 7.65e+00 s)

  Residual norms for GMRES solve
  0 (restart 0) KSP residual norm 6.219908e+01
  1 (restart 0) KSP residual norm 3.919389e+00
  2 (restart 0) KSP residual norm 5.034592e-01
  3 (restart 0) KSP residual norm 1.298392e-01
  4 (restart 0) KSP residual norm 3.857601e-02
  5 (restart 0) KSP residual norm 1.420501e-02
  6 (restart 0) KSP residual norm 3.186539e-03
  7 (restart 0) KSP residual norm 8.187874e-04
  8 (restart 0) KSP residual norm 2.504832e-04
  9 (restart 0) KSP residual norm 1.160169e-04
 10 (restart 0) KSP residual norm 7.383526e-05
 11 (restart 0) KSP residual norm 4.903672e-05
 12 (restart 0) KSP residual norm 2.963569e-05
 13 (restart 0) KSP residual norm 1.829184e-05
 14 (restart 0) KSP residual norm 9.803199e-06
 15 (restart 0) KSP residual norm 7.037155e-06
 16 (restart 0) KSP residual norm 4.397276e-06
 17 (restart 0) KSP residual norm 3.220404e-06
 18 (restart 0) KSP residual norm 2.244610e-06
 19 (restart 0) KSP residual norm 1.589255e-06
 20 (restart 0) KSP residual norm 1.089394e-06
 21 (restart 0) KSP residual norm 7.931544e-07
 22 (restart 0) KSP residual norm 5.784671e-07
GMRES solver converged in 22 iterations (avg. reduction factor: 4.315e-01)
 Sol. ||E|| = 6.589736e+01 (||RHS|| = 8.852897e-02)
 Field energy E (1.038e-01 J) + H (2.267e-02 J) = 1.264e-01 J
 S[1][1] = +3.200e-01-5.073e-01i, |S[1][1]| = -4.440e+00, arg(S[1][1]) = -5.776e+01
 S[2][1] = +7.212e-01+3.011e-01i, |S[2][1]| = -2.141e+00, arg(S[2][1]) = +2.266e+01

 Wrote fields to disk at step 1
 Updating solution error estimates

Completed 0 iterations of adaptive mesh refinement (AMR):
 Indicator norm = 1.564e-01, global unknowns = 691652
 Max. iterations = 0, tol. = 1.000e-02

Elapsed Time Report (s)           Min.        Max.        Avg.
==============================================================
Initialization                   0.066       0.068       0.067
  Mesh Preprocessing             0.767       0.767       0.767
Operator Construction            0.334       0.337       0.335
Linear Solve                     3.502       3.826       3.719
  Setup                          7.640       7.641       7.640
  Preconditioner                84.945      85.132      85.011
  Coarse Solve                   8.380       8.522       8.425
Estimation                       0.094       0.105       0.098
  Construction                   5.107       5.108       5.108
  Solve                         31.555      31.565      31.561
Postprocessing                   0.110       0.113       0.112
Disk IO                         12.439      12.440      12.440
--------------------------------------------------------------
Total                          155.298     155.304     155.301

