>> /usr/bin/mpirun -n 4 /opt/palace/bin/palace-x86_64.bin palace-order2.json

_____________     _______
_____   __   \____ __   /____ ____________
____   /_/  /  __ ` /  /  __ ` /  ___/  _ \
___   _____/  /_/  /  /  /_/  /  /__/  ___/
  /__/     \___,__/__/\___,__/\_____\_____/

Git changeset ID: v0.14.0
Running with 4 MPI processes, 1 OpenMP thread
Device configuration: omp,cpu
Memory configuration: host-std
libCEED backend: /cpu/self/xsmm/blocked

Added 8324 boundary elements for material interfaces to the mesh
Finished partitioning mesh into 4 subdomains

Characteristic length and time scales:
 L₀ = 1.000e-03 m, t₀ = 3.336e-03 ns

Mesh curvature order: 1
Mesh bounding box:
 (Xmin, Ymin, Zmin) = (-8.000e-03, -1.500e-02, -5.000e-03) m
 (Xmax, Ymax, Zmax) = (+9.000e-03, +2.000e-03, +6.600e-03) m

Parallel Mesh Stats:

                minimum     average     maximum       total
 vertices          6823        7256        7530       29026
 edges            34561       35735       36391      142942
 faces            49721       50688       51140      202753
 elements         21997       22217       22300       88868
 neighbors            3           3           3

            minimum     maximum
 h        0.0110505     3.63956
 kappa      1.01033     581.467

Configuring Robin absorbing BC (order 1) at attributes:
 13

Configuring Robin finite conductivity BC at attributes:
 11: σ = 5.800e+07 S/m, n = (-0.0,+0.0,+1.0)

Configuring Robin impedance BC for lumped ports at attributes:
 21: Rs = 2.740e+01 Ω/sq, n = (+0.0,-1.0,-0.0)
 22: Rs = 2.740e+01 Ω/sq, n = (+0.4,-0.9,-0.0)

Configuring lumped port circuit properties:
 Index = 1: R = 5.000e+01 Ω
 Index = 2: R = 5.000e+01 Ω

Configuring lumped port excitation source term at attributes:
 21: Index = 1

Computing frequency response for:
Excitation with index 1 has contributions from:
 Lumped port  1

Assembling system matrices, number of global unknowns:
 H1 (p = 2): 171968, ND (p = 2): 691390, RT (p = 2): 874863
 Operator assembly level: Partial
 Mesh geometries:
  Tetrahedron: P = 20, Q = 11 (quadrature order = 4)

Assembling multigrid hierarchy:
 Level 0 (p = 1): 142942 unknowns
 Level 1 (p = 2): 691390 unknowns
 Level 0 (auxiliary) (p = 1): 29026 unknowns
 Level 1 (auxiliary) (p = 2): 171968 unknowns

It 1/1: ω/2π = 4.000e-01 GHz (total elapsed time = 1.02e+01 s)

  Residual norms for GMRES solve
  0 (restart 0) KSP residual norm 2.759617e+01
  1 (restart 0) KSP residual norm 2.836599e+00
  2 (restart 0) KSP residual norm 8.098046e-01
  3 (restart 0) KSP residual norm 2.373839e-01
  4 (restart 0) KSP residual norm 9.094486e-02
  5 (restart 0) KSP residual norm 3.482702e-02
  6 (restart 0) KSP residual norm 1.093766e-02
  7 (restart 0) KSP residual norm 3.274180e-03
  8 (restart 0) KSP residual norm 1.148932e-03
  9 (restart 0) KSP residual norm 4.932938e-04
 10 (restart 0) KSP residual norm 2.599153e-04
 11 (restart 0) KSP residual norm 1.494650e-04
 12 (restart 0) KSP residual norm 9.143353e-05
 13 (restart 0) KSP residual norm 4.519691e-05
 14 (restart 0) KSP residual norm 2.323818e-05
 15 (restart 0) KSP residual norm 1.293978e-05
 16 (restart 0) KSP residual norm 9.299740e-06
 17 (restart 0) KSP residual norm 7.425185e-06
 18 (restart 0) KSP residual norm 5.531871e-06
 19 (restart 0) KSP residual norm 3.446835e-06
 20 (restart 0) KSP residual norm 2.356110e-06
 21 (restart 0) KSP residual norm 1.757350e-06
 22 (restart 0) KSP residual norm 1.213609e-06
 23 (restart 0) KSP residual norm 7.802837e-07
 24 (restart 0) KSP residual norm 5.639642e-07
 25 (restart 0) KSP residual norm 4.398309e-07
 26 (restart 0) KSP residual norm 3.133470e-07
 27 (restart 0) KSP residual norm 2.296075e-07
GMRES solver converged in 27 iterations (avg. reduction factor: 5.020e-01)
 Sol. ||E|| = 3.000588e+01 (||RHS|| = 3.745549e-02)
 Field energy E (9.885e-03 J) + H (1.406e-02 J) = 2.394e-02 J
 S[1][1] = +8.589e-02+1.180e-02i, |S[1][1]| = -2.124e+01, arg(S[1][1]) = +7.822e+00
 S[2][1] = +9.124e-01-5.757e-02i, |S[2][1]| = -7.794e-01, arg(S[2][1]) = -3.610e+00

 Wrote fields to disk at step 1
 Updating solution error estimates

Completed 0 iterations of adaptive mesh refinement (AMR):
 Indicator norm = 2.586e-01, global unknowns = 691390
 Max. iterations = 0, tol. = 1.000e-02

Elapsed Time Report (s)           Min.        Max.        Avg.
==============================================================
Initialization                   0.045       0.048       0.046
  Mesh Preprocessing             0.753       0.753       0.753
Operator Construction            0.301       0.308       0.304
Linear Solve                     4.054       4.106       4.077
  Setup                         10.184      10.186      10.185
  Preconditioner                90.339      90.443      90.399
  Coarse Solve                   8.018       8.149       8.065
Estimation                       0.096       0.099       0.097
  Construction                   7.553       7.557       7.555
  Solve                         86.194      86.197      86.196
Postprocessing                   0.102       0.107       0.104
Disk IO                         12.192      12.192      12.192
--------------------------------------------------------------
Total                          219.998     220.004     220.001

