>> /usr/bin/mpirun -n 4 /opt/palace/bin/palace-x86_64.bin palace.json

_____________     _______
_____   __   \____ __   /____ ____________
____   /_/  /  __ ` /  /  __ ` /  ___/  _ \
___   _____/  /_/  /  /  /_/  /  /__/  ___/
  /__/     \___,__/__/\___,__/\_____\_____/

Git changeset ID: v0.14.0
Running with 4 MPI processes, 1 OpenMP thread
Device configuration: omp,cpu
Memory configuration: host-std
libCEED backend: /cpu/self/xsmm/blocked

Added 8324 boundary elements for material interfaces to the mesh
Finished partitioning mesh into 4 subdomains

Characteristic length and time scales:
 L₀ = 1.000e-03 m, t₀ = 3.336e-03 ns

Mesh curvature order: 1
Mesh bounding box:
 (Xmin, Ymin, Zmin) = (-8.000e-03, -1.500e-02, -5.000e-03) m
 (Xmax, Ymax, Zmax) = (+9.000e-03, +2.000e-03, +6.600e-03) m

Parallel Mesh Stats:

                minimum     average     maximum       total
 vertices          6823        7256        7530       29026
 edges            34561       35735       36391      142942
 faces            49721       50688       51140      202753
 elements         21997       22217       22300       88868
 neighbors            3           3           3

            minimum     maximum
 h        0.0110505     3.63956
 kappa      1.01033     581.467

Configuring Robin absorbing BC (order 1) at attributes:
 13

Configuring Robin finite conductivity BC at attributes:
 11: σ = 5.800e+07 S/m, n = (-0.0,+0.0,+1.0)

Configuring Robin impedance BC for lumped ports at attributes:
 21: Rs = 2.740e+01 Ω/sq, n = (+0.0,-1.0,-0.0)
 22: Rs = 2.740e+01 Ω/sq, n = (+0.4,-0.9,-0.0)

Configuring lumped port circuit properties:
 Index = 1: R = 5.000e+01 Ω
 Index = 2: R = 5.000e+01 Ω

Configuring lumped port excitation source term at attributes:
 21: Index = 1

Computing frequency response for:
Excitation with index 1 has contributions from:
 Lumped port  1

Assembling system matrices, number of global unknowns:
 H1 (p = 1): 29026, ND (p = 1): 142942, RT (p = 1): 202753
 Operator assembly level: Partial
 Mesh geometries:
  Tetrahedron: P = 6, Q = 4 (quadrature order = 2)

Assembling multigrid hierarchy:
 Level 0 (p = 1): 142942 unknowns
 Level 0 (auxiliary) (p = 1): 29026 unknowns

It 1/1: ω/2π = 4.000e-01 GHz (total elapsed time = 3.82e-01 s)

  Residual norms for GMRES solve
  0 (restart 0) KSP residual norm 1.134096e+01
  1 (restart 0) KSP residual norm 3.154738e-08
GMRES solver converged in 1 iteration (avg. reduction factor: 2.782e-09)
 Sol. ||E|| = 1.134096e+01 (||RHS|| = 4.058889e-02)
 Field energy E (1.206e-02 J) + H (1.235e-02 J) = 2.441e-02 J
 S[1][1] = +4.107e-02+1.935e-03i, |S[1][1]| = -2.772e+01, arg(S[1][1]) = +2.697e+00
 S[2][1] = +9.564e-01-6.015e-02i, |S[2][1]| = -3.699e-01, arg(S[2][1]) = -3.599e+00

 Wrote fields to disk at step 1
 Updating solution error estimates

Completed 0 iterations of adaptive mesh refinement (AMR):
 Indicator norm = 5.592e-01, global unknowns = 142942
 Max. iterations = 0, tol. = 1.000e-02

Elapsed Time Report (s)           Min.        Max.        Avg.
==============================================================
Initialization                   0.045       0.047       0.046
  Mesh Preprocessing             0.749       0.750       0.750
Operator Construction            0.107       0.125       0.114
Linear Solve                     0.108       0.117       0.114
  Setup                          0.373       0.387       0.381
  Preconditioner                 6.303       6.312       6.307
Estimation                       0.030       0.035       0.033
  Construction                   0.145       0.146       0.145
  Solve                          1.515       1.516       1.516
Postprocessing                   0.034       0.038       0.036
Disk IO                          2.585       2.586       2.586
--------------------------------------------------------------
Total                           12.050      12.054      12.052

