>> /usr/bin/mpirun -n 4 /opt/palace/bin/palace-x86_64.bin palace-order2.json

_____________     _______
_____   __   \____ __   /____ ____________
____   /_/  /  __ ` /  /  __ ` /  ___/  _ \
___   _____/  /_/  /  /  /_/  /  /__/  ___/
  /__/     \___,__/__/\___,__/\_____\_____/

Git changeset ID: v0.14.0
Running with 4 MPI processes, 1 OpenMP thread
Device configuration: omp,cpu
Memory configuration: host-std
libCEED backend: /cpu/self/xsmm/blocked

Added 8191 boundary elements for material interfaces to the mesh
Finished partitioning mesh into 4 subdomains

Characteristic length and time scales:
 L₀ = 1.000e-03 m, t₀ = 3.336e-03 ns

Mesh curvature order: 1
Mesh bounding box:
 (Xmin, Ymin, Zmin) = (-8.000e-03, -1.500e-02, -5.000e-03) m
 (Xmax, Ymax, Zmax) = (+9.000e-03, +2.000e-03, +6.600e-03) m

Parallel Mesh Stats:

                minimum     average     maximum       total
 vertices          6864        7237        7483       28950
 edges            34868       35718       36214      142872
 faces            50268       50738       50967      202954
 elements         22240       22266       22307       89064
 neighbors            3           3           3

            minimum     maximum
 h        0.0236265     3.64256
 kappa      1.01033     65.3444

Configuring Robin absorbing BC (order 1) at attributes:
 13

Configuring Robin finite conductivity BC at attributes:
 11: σ = 5.800e+07 S/m, n = (+0.1,+0.1,-1.0)

Configuring Robin impedance BC for lumped ports at attributes:
 21: Rs = 2.740e+01 Ω/sq, n = (-0.7,-0.7,+0.0)
 22: Rs = 2.740e+01 Ω/sq, n = (+0.0,-1.0,+0.0)

Configuring lumped port circuit properties:
 Index = 1: R = 5.000e+01 Ω
 Index = 2: R = 5.000e+01 Ω

Configuring lumped port excitation source term at attributes:
 21: Index = 1

Computing frequency response for:
Excitation with index 1 has contributions from:
 Lumped port  1

Assembling system matrices, number of global unknowns:
 H1 (p = 2): 171822, ND (p = 2): 691652, RT (p = 2): 876054
 Operator assembly level: Partial
 Mesh geometries:
  Tetrahedron: P = 20, Q = 11 (quadrature order = 4)

Assembling multigrid hierarchy:
 Level 0 (p = 1): 142872 unknowns
 Level 1 (p = 2): 691652 unknowns
 Level 0 (auxiliary) (p = 1): 28950 unknowns
 Level 1 (auxiliary) (p = 2): 171822 unknowns

It 1/1: ω/2π = 4.000e+00 GHz (total elapsed time = 8.07e+00 s)

  Residual norms for GMRES solve
  0 (restart 0) KSP residual norm 3.941145e+01
  1 (restart 0) KSP residual norm 4.731866e+00
  2 (restart 0) KSP residual norm 5.805915e-01
  3 (restart 0) KSP residual norm 1.841232e-01
  4 (restart 0) KSP residual norm 4.379585e-02
  5 (restart 0) KSP residual norm 8.722173e-03
  6 (restart 0) KSP residual norm 2.890756e-03
  7 (restart 0) KSP residual norm 1.309906e-03
  8 (restart 0) KSP residual norm 6.011544e-04
  9 (restart 0) KSP residual norm 3.830480e-04
 10 (restart 0) KSP residual norm 2.327541e-04
 11 (restart 0) KSP residual norm 1.431414e-04
 12 (restart 0) KSP residual norm 7.680745e-05
 13 (restart 0) KSP residual norm 4.856942e-05
 14 (restart 0) KSP residual norm 3.275368e-05
 15 (restart 0) KSP residual norm 2.172839e-05
 16 (restart 0) KSP residual norm 1.665106e-05
 17 (restart 0) KSP residual norm 1.148408e-05
 18 (restart 0) KSP residual norm 8.580002e-06
 19 (restart 0) KSP residual norm 5.845709e-06
 20 (restart 0) KSP residual norm 4.354623e-06
 21 (restart 0) KSP residual norm 3.139313e-06
 22 (restart 0) KSP residual norm 2.237315e-06
 23 (restart 0) KSP residual norm 1.625647e-06
 24 (restart 0) KSP residual norm 1.210783e-06
 25 (restart 0) KSP residual norm 8.231237e-07
 26 (restart 0) KSP residual norm 5.989653e-07
 27 (restart 0) KSP residual norm 4.621476e-07
 28 (restart 0) KSP residual norm 3.435194e-07
GMRES solver converged in 28 iterations (avg. reduction factor: 5.154e-01)
 Sol. ||E|| = 4.316646e+01 (||RHS|| = 3.541159e-01)
 Field energy E (3.109e-02 J) + H (2.641e-02 J) = 5.750e-02 J
 S[1][1] = +2.457e-01-1.115e-01i, |S[1][1]| = -1.138e+01, arg(S[1][1]) = -2.441e+01
 S[2][1] = +3.303e-01-8.813e-01i, |S[2][1]| = -5.270e-01, arg(S[2][1]) = -6.945e+01

 Wrote fields to disk at step 1
 Updating solution error estimates

Completed 0 iterations of adaptive mesh refinement (AMR):
 Indicator norm = 2.381e-01, global unknowns = 691652
 Max. iterations = 0, tol. = 1.000e-02

Elapsed Time Report (s)           Min.        Max.        Avg.
==============================================================
Initialization                   0.044       0.048       0.046
  Mesh Preprocessing             0.764       0.764       0.764
Operator Construction            0.308       0.313       0.311
Linear Solve                     4.549       4.821       4.729
  Setup                          8.061       8.061       8.061
  Preconditioner               105.406     105.482     105.445
  Coarse Solve                   9.256       9.490       9.350
Estimation                       0.093       0.097       0.096
  Construction                   5.141       5.145       5.143
  Solve                         26.999      27.002      27.001
Postprocessing                   0.121       0.126       0.124
Disk IO                         12.047      12.048      12.048
--------------------------------------------------------------
Total                          173.135     173.140     173.138

