>> /usr/bin/mpirun -n 4 /opt/palace/bin/palace-x86_64.bin palace.json

_____________     _______
_____   __   \____ __   /____ ____________
____   /_/  /  __ ` /  /  __ ` /  ___/  _ \
___   _____/  /_/  /  /  /_/  /  /__/  ___/
  /__/     \___,__/__/\___,__/\_____\_____/

Git changeset ID: v0.14.0
Running with 4 MPI processes, 1 OpenMP thread
Device configuration: omp,cpu
Memory configuration: host-std
libCEED backend: /cpu/self/xsmm/blocked

Added 3278 boundary elements for material interfaces to the mesh
Finished partitioning mesh into 4 subdomains

Characteristic length and time scales:
 L₀ = 1.000e-03 m, t₀ = 3.336e-03 ns

Mesh curvature order: 1
Mesh bounding box:
 (Xmin, Ymin, Zmin) = (-6.000e-03, -5.000e-03, -2.000e-03) m
 (Xmax, Ymax, Zmax) = (+6.000e-03, +5.000e-03, +2.800e-03) m

Parallel Mesh Stats:

                minimum     average     maximum       total
 vertices          2368        2544        2774       10177
 edges            14834       15309       16040       61236
 faces            23727       24189       24837       96759
 elements         11292       11424       11570       45699
 neighbors            3           3           3

            minimum     maximum
 h        0.0122219     1.48834
 kappa      1.02768     137.268

Configuring Robin absorbing BC (order 1) at attributes:
 13

Configuring Robin finite conductivity BC at attributes:
 11: σ = 5.800e+07 S/m, n = (+0.2,+0.2,+1.0)
 12: σ = 5.800e+07 S/m, n = (+0.0,+0.3,-1.0)

Configuring Robin impedance BC for lumped ports at attributes:
 21: Rs = 6.429e+00 Ω/sq, n = (-0.0,-0.0,+1.0)
 22: Rs = 2.571e+01 Ω/sq, n = (-0.0,+0.0,+1.0)

Configuring lumped port circuit properties:
 Index = 1: R = 2.500e+01 Ω
 Index = 2: R = 1.000e+02 Ω

Configuring lumped port excitation source term at attributes:
 21: Index = 1

Computing frequency response for:
Excitation with index 1 has contributions from:
 Lumped port  1

Assembling system matrices, number of global unknowns:
 H1 (p = 2): 71413, ND (p = 2): 315990, RT (p = 2): 427374
 Operator assembly level: Partial
 Mesh geometries:
  Tetrahedron: P = 20, Q = 11 (quadrature order = 4)

Assembling multigrid hierarchy:
 Level 0 (p = 1): 61236 unknowns
 Level 1 (p = 2): 315990 unknowns
 Level 0 (auxiliary) (p = 1): 10177 unknowns
 Level 1 (auxiliary) (p = 2): 71413 unknowns

It 1/1: ω/2π = 1.000e-01 GHz (total elapsed time = 1.16e+01 s)

  Residual norms for GMRES solve
  0 (restart 0) KSP residual norm 1.850100e+01
  1 (restart 0) KSP residual norm 1.622567e+00
  2 (restart 0) KSP residual norm 1.271467e-01
  3 (restart 0) KSP residual norm 8.362344e-03
  4 (restart 0) KSP residual norm 1.069816e-03
  5 (restart 0) KSP residual norm 2.981915e-04
  6 (restart 0) KSP residual norm 4.570654e-05
  7 (restart 0) KSP residual norm 1.024725e-05
  8 (restart 0) KSP residual norm 3.687627e-06
  9 (restart 0) KSP residual norm 1.751211e-06
 10 (restart 0) KSP residual norm 6.346888e-07
 11 (restart 0) KSP residual norm 1.626746e-07
 12 (restart 0) KSP residual norm 7.036450e-08
 13 (restart 0) KSP residual norm 3.836383e-08
 14 (restart 0) KSP residual norm 1.920326e-08
 15 (restart 0) KSP residual norm 1.038429e-08
GMRES solver converged in 15 iterations (avg. reduction factor: 2.417e-01)
 Sol. ||E|| = 1.931453e+01 (||RHS|| = 2.001002e-02)
 Field energy E (1.158e-02 J) + H (1.335e-02 J) = 2.493e-02 J
 S[1][1] = +6.001e-01+1.254e-03i, |S[1][1]| = -4.436e+00, arg(S[1][1]) = +1.197e-01
 S[2][1] = +3.997e-01-1.035e-02i, |S[2][1]| = -7.963e+00, arg(S[2][1]) = -1.483e+00

 Wrote fields to disk at step 1
 Updating solution error estimates

Completed 0 iterations of adaptive mesh refinement (AMR):
 Indicator norm = 1.469e-01, global unknowns = 315990
 Max. iterations = 0, tol. = 1.000e-02

Elapsed Time Report (s)           Min.        Max.        Avg.
==============================================================
Initialization                   0.032       0.034       0.033
  Mesh Preprocessing             0.561       0.561       0.561
Operator Construction            0.245       0.256       0.253
Linear Solve                     1.529       1.576       1.556
  Setup                         11.629      11.631      11.630
  Preconditioner                18.287      18.514      18.410
  Coarse Solve                   5.204       5.449       5.300
Estimation                       0.052       0.057       0.054
  Construction                   7.896       7.909       7.900
  Solve                          5.731       5.734       5.732
Postprocessing                   0.064       0.069       0.066
Disk IO                          7.158       7.159       7.159
--------------------------------------------------------------
Total                           58.726      58.732      58.729

