>> /usr/bin/mpirun -n 4 /opt/palace/bin/palace-x86_64.bin palace-order2.json

_____________     _______
_____   __   \____ __   /____ ____________
____   /_/  /  __ ` /  /  __ ` /  ___/  _ \
___   _____/  /_/  /  /  /_/  /  /__/  ___/
  /__/     \___,__/__/\___,__/\_____\_____/

Git changeset ID: v0.14.0
Running with 4 MPI processes, 1 OpenMP thread
Device configuration: omp,cpu
Memory configuration: host-std
libCEED backend: /cpu/self/xsmm/blocked

Added 5895 boundary elements for material interfaces to the mesh
Finished partitioning mesh into 4 subdomains

Characteristic length and time scales:
 L₀ = 1.000e-03 m, t₀ = 3.336e-03 ns

Mesh curvature order: 1
Mesh bounding box:
 (Xmin, Ymin, Zmin) = (-6.500e-03, -3.050e-02, -5.000e-03) m
 (Xmax, Ymax, Zmax) = (+9.500e-03, -1.650e-02, +6.600e-03) m

Parallel Mesh Stats:

                minimum     average     maximum       total
 vertices          4440        4572        4770       18288
 edges            22449       22881       23259       91526
 faces            32333       32754       33373      131017
 elements         14330       14449       14733       57797
 neighbors            3           3           3

            minimum     maximum
 h        0.0022464      3.4009
 kappa      1.04301     417.443

Configuring Robin absorbing BC (order 1) at attributes:
 13

Configuring Robin finite conductivity BC at attributes:
 11: σ = 5.800e+07 S/m, n = (-0.1,+0.1,+1.0)

Configuring Robin impedance BC for lumped ports at attributes:
 21: Rs = 1.041e+01 Ω/sq, n = (+0.0,+0.0,+1.0)
 22: Rs = 2.740e+01 Ω/sq, n = (-0.7,+0.7,+0.0)

Configuring lumped port circuit properties:
 Index = 1: R = 5.000e+01 Ω
 Index = 2: R = 5.000e+01 Ω

Configuring lumped port excitation source term at attributes:
 21: Index = 1

Computing frequency response for:
Excitation with index 1 has contributions from:
 Lumped port  1

Assembling system matrices, number of global unknowns:
 H1 (p = 2): 109814, ND (p = 2): 445086, RT (p = 2): 566442
 Operator assembly level: Partial
 Mesh geometries:
  Tetrahedron: P = 20, Q = 11 (quadrature order = 4)

Assembling multigrid hierarchy:
 Level 0 (p = 1): 91526 unknowns
 Level 1 (p = 2): 445086 unknowns
 Level 0 (auxiliary) (p = 1): 18288 unknowns
 Level 1 (auxiliary) (p = 2): 109814 unknowns

It 1/1: ω/2π = 4.000e-01 GHz (total elapsed time = 5.44e+00 s)

  Residual norms for GMRES solve
  0 (restart 0) KSP residual norm 6.363428e+01
  1 (restart 0) KSP residual norm 3.842677e+00
  2 (restart 0) KSP residual norm 7.732087e-01
  3 (restart 0) KSP residual norm 2.633669e-01
  4 (restart 0) KSP residual norm 9.247149e-02
  5 (restart 0) KSP residual norm 2.671920e-02
  6 (restart 0) KSP residual norm 7.157412e-03
  7 (restart 0) KSP residual norm 1.513415e-03
  8 (restart 0) KSP residual norm 4.238557e-04
  9 (restart 0) KSP residual norm 2.170219e-04
 10 (restart 0) KSP residual norm 1.307175e-04
 11 (restart 0) KSP residual norm 5.071194e-05
 12 (restart 0) KSP residual norm 1.852457e-05
 13 (restart 0) KSP residual norm 1.230215e-05
 14 (restart 0) KSP residual norm 7.960396e-06
 15 (restart 0) KSP residual norm 4.007016e-06
 16 (restart 0) KSP residual norm 1.831498e-06
 17 (restart 0) KSP residual norm 9.922947e-07
 18 (restart 0) KSP residual norm 7.002482e-07
 19 (restart 0) KSP residual norm 5.342066e-07
GMRES solver converged in 19 iterations (avg. reduction factor: 3.758e-01)
 Sol. ||E|| = 6.517670e+01 (||RHS|| = 5.563646e-02)
 Field energy E (1.046e-01 J) + H (1.558e-03 J) = 1.062e-01 J
 S[1][1] = +9.260e-01-2.590e-01i, |S[1][1]| = -3.405e-01, arg(S[1][1]) = -1.562e+01
 S[2][1] = +6.879e-02+2.035e-01i, |S[2][1]| = -1.336e+01, arg(S[2][1]) = +7.132e+01

 Wrote fields to disk at step 1
 Updating solution error estimates

Completed 0 iterations of adaptive mesh refinement (AMR):
 Indicator norm = 1.505e-01, global unknowns = 445086
 Max. iterations = 0, tol. = 1.000e-02

Elapsed Time Report (s)           Min.        Max.        Avg.
==============================================================
Initialization                   0.041       0.046       0.044
  Mesh Preprocessing             1.085       1.085       1.085
Operator Construction            0.268       0.272       0.270
Linear Solve                     1.966       1.991       1.975
  Setup                          5.431       5.433       5.432
  Preconditioner                45.710      45.857      45.807
  Coarse Solve                   4.386       4.532       4.436
Estimation                       0.057       0.064       0.061
  Construction                   3.174       3.177       3.176
  Solve                         28.937      28.942      28.940
Postprocessing                   0.067       0.069       0.068
Disk IO                          7.868       7.869       7.868
--------------------------------------------------------------
Total                           99.196      99.199      99.197

