mkdir -p failed for path /home/agent/.config/matplotlib: [Errno 30] Read-only file system: '/home/agent/.config/matplotlib'
Matplotlib created a temporary cache directory at /tmp/matplotlib-6vghtby2 because there was an issue with the default path (/home/agent/.config/matplotlib); it is highly recommended to set the MPLCONFIGDIR environment variable to a writable directory, in particular to speed up the import of Matplotlib and to better support multiprocessing.
Fontconfig error: No writable cache directories
Fontconfig error: No writable cache directories
Fontconfig error: No writable cache directories
Fontconfig error: No writable cache directories
Fontconfig error: No writable cache directories
Fontconfig error: No writable cache directories
Fontconfig error: No writable cache directories
Fontconfig error: No writable cache directories
Fontconfig error: No writable cache directories
Fontconfig error: No writable cache directories
Fontconfig error: No writable cache directories
Fontconfig error: No writable cache directories
Fontconfig error: No writable cache directories
Fontconfig error: No writable cache directories
Fontconfig error: No writable cache directories
Fontconfig error: No writable cache directories
Fontconfig error: No writable cache directories
Fontconfig error: No writable cache directories
Fontconfig error: No writable cache directories
Fontconfig error: No writable cache directories
Fontconfig error: No writable cache directories
Fontconfig error: No writable cache directories
Fontconfig error: No writable cache directories
Fontconfig error: No writable cache directories
Fontconfig error: No writable cache directories
Fontconfig error: No writable cache directories
Fontconfig error: No writable cache directories
Fontconfig error: No writable cache directories
Fontconfig error: No writable cache directories
Traceback (most recent call last):
  File "/workspace/work/return-current-trace-demo/scripts/em/render-latest.py", line 23, in <module>
    elif e['type']=='pcb_smtpad' and x0<=e['x']<=x1 and y0<=e['y']<=y1:pads.append(e)
                                         ~^^^^^
KeyError: 'x'
