{
  "finite_element_order": 1,
  "solver": "Palace v0.14.0",
  "frequency_hz": 400000000.0,
  "config_file": "palace.json",
  "postprocessing_folder": "postpro",
  "input_voltage_V": {
    "real": 1.0,
    "imag": 0.0,
    "magnitude": 1.0,
    "phase_deg": 0.0
  },
  "input_current_A": {
    "real": 0.0021570285136032503,
    "imag": 0.008707952383355764,
    "magnitude": 0.008971131852742372,
    "phase_deg": 76.08742606130131
  },
  "load_voltage_V": {
    "real": 0.11779790446910933,
    "imag": 0.24726212196952194,
    "magnitude": 0.27388848690330914,
    "phase_deg": 64.52644884182915
  },
  "load_current_A": {
    "real": 0.0023559580893824945,
    "imag": 0.004945242439389655,
    "magnitude": 0.005477769738065608,
    "phase_deg": 64.52644884182271
  },
  "input_impedance_ohm": {
    "real": 26.801642290563215,
    "imag": -108.19858123808109,
    "magnitude": 111.46865483805274,
    "phase_deg": -76.08742606130131
  },
  "source_reference_ohm": 50,
  "load_ohm": 50,
  "port_csv_normalization_factor": {
    "real": 0.078336925564568,
    "imag": 0.030787260902604165,
    "magnitude": 0.0841696461962012,
    "phase_deg": 21.455364711945553
  },
  "field_normalization_factor": {
    "real": -0.078336925564568,
    "imag": -0.030787260902604165,
    "magnitude": 0.0841696461962012,
    "phase_deg": -158.54463528805445
  },
  "native_port_voltage_axis": "GND minus signal",
  "displayed_input_voltage_axis": "signal minus GND",
  "surface_current_units": "A/m",
  "surface_current_SI_scale": 51.5210513090037,
  "phasor_convention": "exp(+j omega t), terminal phasor magnitude 1 V; Palace documentation describes peak phasors",
  "s11_db": -1.576842974226,
  "s21_db": -6.741334540935,
  "board_snapshot_sha256": "80ef96cf94a1dac4f3d062f694fe71529a9a57f5a1dd6e8b1abdf92302968b13",
  "board_url": "https://tscircuit.com/astra/am3352-sbc#pcb",
  "scope": "Isolated DDR_D8 cpu transition, other signal/power copper omitted",
  "fixture": "400 MHz, 1 V normalized; 50 ohm test ports. CPU input top trace cut to inner1 GND; memory input actual signal/GND pads; bottom cut load to inner2 GND. Crop fixtures are assumed.",
  "accuracy": "Provisional; local-density, crop and port-fixture convergence not established",
  "via_spans": "GND top-to-inner1; signal top-to-bottom, as exported. No unexported stubs or GND connections to inner2 inferred. Fabrication spans unknown.",
  "display_ground_faces_mm": {
    "top": 1.635,
    "inner1": 1.4175,
    "inner2": 0.1825,
    "bottom": -0.035
  }
}
Ground face triangles: {'top': 369, 'inner1': 9795, 'inner2': 9496, 'bottom': 256}
