>> /usr/bin/mpirun -n 4 /opt/palace/bin/palace-x86_64.bin palace-order2.json

_____________     _______
_____   __   \____ __   /____ ____________
____   /_/  /  __ ` /  /  __ ` /  ___/  _ \
___   _____/  /_/  /  /  /_/  /  /__/  ___/
  /__/     \___,__/__/\___,__/\_____\_____/

Git changeset ID: v0.14.0
Running with 4 MPI processes, 1 OpenMP thread
Device configuration: omp,cpu
Memory configuration: host-std
libCEED backend: /cpu/self/xsmm/blocked

Added 11421 boundary elements for material interfaces to the mesh
Finished partitioning mesh into 4 subdomains

Characteristic length and time scales:
 L₀ = 1.000e-03 m, t₀ = 3.336e-03 ns

Mesh curvature order: 1
Mesh bounding box:
 (Xmin, Ymin, Zmin) = (-9.000e-03, -2.700e-02, -5.000e-03) m
 (Xmax, Ymax, Zmax) = (+9.000e-03, -1.000e-02, +6.600e-03) m

Parallel Mesh Stats:

                minimum     average     maximum       total
 vertices          7390        8275        8663       33101
 edges            39932       41384       42082      165536
 faces            58534       59091       59407      236365
 elements         25977       25984       25993      103938
 neighbors            3           3           3

            minimum     maximum
 h       0.00208376     3.42883
 kappa      1.03439     2947.83

Configuring Robin absorbing BC (order 1) at attributes:
 13

Configuring Robin finite conductivity BC at attributes:
 11: σ = 5.800e+07 S/m, n = (-0.0,-0.1,+1.0)

Configuring Robin impedance BC for lumped ports at attributes:
 21: Rs = 2.740e+01 Ω/sq, n = (-1.0,-0.2,+0.0)
 22: Rs = 2.740e+01 Ω/sq, n = (+0.7,-0.7,+0.0)

Configuring lumped port circuit properties:
 Index = 1: R = 5.000e+01 Ω
 Index = 2: R = 5.000e+01 Ω

Configuring lumped port excitation source term at attributes:
 21: Index = 1

Computing frequency response for:
Excitation with index 1 has contributions from:
 Lumped port  1

Assembling system matrices, number of global unknowns:
 H1 (p = 2): 198637, ND (p = 2): 803802, RT (p = 2): 1020909
 Operator assembly level: Partial
 Mesh geometries:
  Tetrahedron: P = 20, Q = 11 (quadrature order = 4)

Assembling multigrid hierarchy:
 Level 0 (p = 1): 165536 unknowns
 Level 1 (p = 2): 803802 unknowns
 Level 0 (auxiliary) (p = 1): 33101 unknowns
 Level 1 (auxiliary) (p = 2): 198637 unknowns

It 1/1: ω/2π = 4.000e-01 GHz (total elapsed time = 1.03e+01 s)

  Residual norms for GMRES solve
  0 (restart 0) KSP residual norm 1.069322e+02
  1 (restart 0) KSP residual norm 9.017344e+00
  2 (restart 0) KSP residual norm 2.413852e+00
  3 (restart 0) KSP residual norm 7.468861e-01
  4 (restart 0) KSP residual norm 3.365641e-01
  5 (restart 0) KSP residual norm 1.684284e-01
  6 (restart 0) KSP residual norm 8.757497e-02
  7 (restart 0) KSP residual norm 4.931883e-02
  8 (restart 0) KSP residual norm 3.116041e-02
  9 (restart 0) KSP residual norm 2.398828e-02
 10 (restart 0) KSP residual norm 1.865642e-02
 11 (restart 0) KSP residual norm 1.241892e-02
 12 (restart 0) KSP residual norm 7.542783e-03
 13 (restart 0) KSP residual norm 4.781485e-03
 14 (restart 0) KSP residual norm 3.629179e-03
 15 (restart 0) KSP residual norm 3.149663e-03
 16 (restart 0) KSP residual norm 2.814932e-03
 17 (restart 0) KSP residual norm 2.358115e-03
 18 (restart 0) KSP residual norm 1.780703e-03
 19 (restart 0) KSP residual norm 1.304301e-03
 20 (restart 0) KSP residual norm 8.828187e-04
 21 (restart 0) KSP residual norm 5.556423e-04
 22 (restart 0) KSP residual norm 3.008305e-04
 23 (restart 0) KSP residual norm 1.470799e-04
 24 (restart 0) KSP residual norm 8.251224e-05
 25 (restart 0) KSP residual norm 5.589887e-05
 26 (restart 0) KSP residual norm 3.622787e-05
 27 (restart 0) KSP residual norm 1.810261e-05
 28 (restart 0) KSP residual norm 7.388327e-06
 29 (restart 0) KSP residual norm 2.948982e-06
 30 (restart 0) KSP residual norm 1.581496e-06
 31 (restart 0) KSP residual norm 1.023791e-06
GMRES solver converged in 31 iterations (avg. reduction factor: 5.512e-01)
 Sol. ||E|| = 1.198347e+02 (||RHS|| = 2.867665e-02)
 Field energy E (2.408e-01 J) + H (2.228e-02 J) = 2.631e-01 J
 S[1][1] = +5.966e-01-5.468e-01i, |S[1][1]| = -1.838e+00, arg(S[1][1]) = -4.250e+01
 S[2][1] = +3.226e-01+3.057e-01i, |S[2][1]| = -7.044e+00, arg(S[2][1]) = +4.346e+01

 Wrote fields to disk at step 1
 Updating solution error estimates

Completed 0 iterations of adaptive mesh refinement (AMR):
 Indicator norm = 1.774e-01, global unknowns = 803802
 Max. iterations = 0, tol. = 1.000e-02

Elapsed Time Report (s)           Min.        Max.        Avg.
==============================================================
Initialization                   0.052       0.056       0.055
  Mesh Preprocessing             1.025       1.025       1.025
Operator Construction            0.349       0.355       0.351
Linear Solve                     6.102       6.238       6.189
  Setup                         10.271      10.273      10.272
  Preconditioner               130.838     131.071     130.957
  Coarse Solve                   9.891      10.233      10.026
Estimation                       0.111       0.119       0.115
  Construction                   6.330       6.331       6.331
  Solve                        169.069     169.076     169.074
Postprocessing                   0.129       0.138       0.133
Disk IO                         14.199      14.199      14.199
--------------------------------------------------------------
Total                          348.769     348.775     348.772

